{
	"/v1/stats/network/providers?continent=EU&country=PL&period=month": {
		"date": "2010-12-31",
		"status": 400,
		"message": "Bad Request. Visit https://github.com/jsdelivr/data.jsdelivr.com for documentation."
	},
	"/v1/stats/network/providers?continent=EU&period=all": {
		"date": "2010-12-31",
		"status": 400,
		"message": "Bad Request. Visit https://github.com/jsdelivr/data.jsdelivr.com for documentation."
	},
	"/v1/stats/network/providers?continent=EU&period=day": {
		"date": "2010-12-31",
		"status": 400,
		"message": "Bad Request. Visit https://github.com/jsdelivr/data.jsdelivr.com for documentation."
	},
	"/v1/stats/network/providers?continent=EU&period=month": {
		"date": "2010-12-31",
		"status": 400,
		"message": "Bad Request. Visit https://github.com/jsdelivr/data.jsdelivr.com for documentation."
	},
	"/v1/stats/network/providers?continent=EU&period=week": {
		"date": "2010-12-31",
		"status": 400,
		"message": "Bad Request. Visit https://github.com/jsdelivr/data.jsdelivr.com for documentation."
	},
	"/v1/stats/network/providers?continent=EU&period=year": {
		"date": "2010-12-31",
		"status": 400,
		"message": "Bad Request. Visit https://github.com/jsdelivr/data.jsdelivr.com for documentation."
	},
	"/v1/stats/network/providers?continent=X&period=month": {
		"date": "2010-12-31",
		"status": 400,
		"message": "Bad Request. Visit https://github.com/jsdelivr/data.jsdelivr.com for documentation."
	},
	"/v1/stats/network/providers?country=PL&period=all": {
		"date": "2010-12-31",
		"status": 400,
		"message": "Bad Request. Visit https://github.com/jsdelivr/data.jsdelivr.com for documentation."
	},
	"/v1/stats/network/providers?country=PL&period=day": {
		"date": "2010-12-31",
		"status": 400,
		"message": "Bad Request. Visit https://github.com/jsdelivr/data.jsdelivr.com for documentation."
	},
	"/v1/stats/network/providers?country=PL&period=month": {
		"date": "2010-12-31",
		"status": 400,
		"message": "Bad Request. Visit https://github.com/jsdelivr/data.jsdelivr.com for documentation."
	},
	"/v1/stats/network/providers?country=PL&period=week": {
		"date": "2010-12-31",
		"status": 400,
		"message": "Bad Request. Visit https://github.com/jsdelivr/data.jsdelivr.com for documentation."
	},
	"/v1/stats/network/providers?country=PL&period=year": {
		"date": "2010-12-31",
		"status": 400,
		"message": "Bad Request. Visit https://github.com/jsdelivr/data.jsdelivr.com for documentation."
	},
	"/v1/stats/network/providers?country=X&period=month": {
		"date": "2010-12-31",
		"status": 400,
		"message": "Bad Request. Visit https://github.com/jsdelivr/data.jsdelivr.com for documentation."
	},
	"/v1/stats/network/providers?period=X": {
		"date": "2010-12-31",
		"status": 400,
		"message": "Bad Request. Visit https://github.com/jsdelivr/data.jsdelivr.com for documentation."
	},
	"/v1/stats/network/providers?period=all": {
		"date": "2010-12-31",
		"status": 400,
		"message": "Bad Request. Visit https://github.com/jsdelivr/data.jsdelivr.com for documentation."
	},
	"/v1/stats/network/providers?period=day": {
		"date": "2010-12-31",
		"status": 400,
		"message": "Bad Request. Visit https://github.com/jsdelivr/data.jsdelivr.com for documentation."
	},
	"/v1/stats/network/providers?period=month": {
		"date": "2010-12-31",
		"status": 400,
		"message": "Bad Request. Visit https://github.com/jsdelivr/data.jsdelivr.com for documentation."
	},
	"/v1/stats/network/providers?period=week": {
		"date": "2010-12-31",
		"status": 400,
		"message": "Bad Request. Visit https://github.com/jsdelivr/data.jsdelivr.com for documentation."
	},
	"/v1/stats/network/providers?period=year": {
		"date": "2010-12-31",
		"status": 400,
		"message": "Bad Request. Visit https://github.com/jsdelivr/data.jsdelivr.com for documentation."
	}
}
