{
	"/v1/stats/browsers/browser%2019/platforms?continent=EU&country=PL": {
		"date": "2010-12-31",
		"status": 400,
		"message": "Invalid parameter value: object contains a conflict between optional exclusive peers [continent, country]."
	},
	"/v1/stats/browsers/browser%2019/platforms?continent=EU&period=2020": [
		{
			"name": "platform 9",
			"share": 50,
			"prev": {
				"share": null
			},
			"links": {
				"browsers": "http://localhost:4454/v1/stats/platforms/platform%209/browsers?period=2020&continent=EU",
				"countries": "http://localhost:4454/v1/stats/platforms/platform%209/countries?period=2020&continent=EU",
				"versions": "http://localhost:4454/v1/stats/platforms/platform%209/versions?period=2020&continent=EU"
			}
		},
		{
			"name": "platform 19",
			"share": 50,
			"prev": {
				"share": null
			},
			"links": {
				"browsers": "http://localhost:4454/v1/stats/platforms/platform%2019/browsers?period=2020&continent=EU",
				"countries": "http://localhost:4454/v1/stats/platforms/platform%2019/countries?period=2020&continent=EU",
				"versions": "http://localhost:4454/v1/stats/platforms/platform%2019/versions?period=2020&continent=EU"
			}
		}
	],
	"/v1/stats/browsers/browser%2019/platforms?continent=EU&period=2020-02": [
		{
			"name": "platform 9",
			"share": 50,
			"prev": {
				"share": null
			},
			"links": {
				"browsers": "http://localhost:4454/v1/stats/platforms/platform%209/browsers?period=2020-02&continent=EU",
				"countries": "http://localhost:4454/v1/stats/platforms/platform%209/countries?period=2020-02&continent=EU",
				"versions": "http://localhost:4454/v1/stats/platforms/platform%209/versions?period=2020-02&continent=EU"
			}
		},
		{
			"name": "platform 19",
			"share": 50,
			"prev": {
				"share": null
			},
			"links": {
				"browsers": "http://localhost:4454/v1/stats/platforms/platform%2019/browsers?period=2020-02&continent=EU",
				"countries": "http://localhost:4454/v1/stats/platforms/platform%2019/countries?period=2020-02&continent=EU",
				"versions": "http://localhost:4454/v1/stats/platforms/platform%2019/versions?period=2020-02&continent=EU"
			}
		}
	],
	"/v1/stats/browsers/browser%2019/platforms?continent=EU&period=2020-04": [
		{
			"name": "platform 9",
			"share": 50,
			"prev": {
				"share": 50
			},
			"links": {
				"browsers": "http://localhost:4454/v1/stats/platforms/platform%209/browsers?period=2020-04&continent=EU",
				"countries": "http://localhost:4454/v1/stats/platforms/platform%209/countries?period=2020-04&continent=EU",
				"versions": "http://localhost:4454/v1/stats/platforms/platform%209/versions?period=2020-04&continent=EU"
			}
		},
		{
			"name": "platform 19",
			"share": 50,
			"prev": {
				"share": 50
			},
			"links": {
				"browsers": "http://localhost:4454/v1/stats/platforms/platform%2019/browsers?period=2020-04&continent=EU",
				"countries": "http://localhost:4454/v1/stats/platforms/platform%2019/countries?period=2020-04&continent=EU",
				"versions": "http://localhost:4454/v1/stats/platforms/platform%2019/versions?period=2020-04&continent=EU"
			}
		}
	],
	"/v1/stats/browsers/browser%2019/platforms?continent=X": {
		"date": "2010-12-31",
		"status": 400,
		"message": "Invalid parameter value: `continent` must be a valid continent code in uppercase."
	},
	"/v1/stats/browsers/browser%2019/platforms?country=PL&period=2020": [
		{
			"name": "platform 9",
			"share": 50,
			"prev": {
				"share": null
			},
			"links": {
				"browsers": "http://localhost:4454/v1/stats/platforms/platform%209/browsers?period=2020&country=PL",
				"versions": "http://localhost:4454/v1/stats/platforms/platform%209/versions?period=2020&country=PL"
			}
		},
		{
			"name": "platform 19",
			"share": 50,
			"prev": {
				"share": null
			},
			"links": {
				"browsers": "http://localhost:4454/v1/stats/platforms/platform%2019/browsers?period=2020&country=PL",
				"versions": "http://localhost:4454/v1/stats/platforms/platform%2019/versions?period=2020&country=PL"
			}
		}
	],
	"/v1/stats/browsers/browser%2019/platforms?country=PL&period=2020-02": [
		{
			"name": "platform 9",
			"share": 50,
			"prev": {
				"share": null
			},
			"links": {
				"browsers": "http://localhost:4454/v1/stats/platforms/platform%209/browsers?period=2020-02&country=PL",
				"versions": "http://localhost:4454/v1/stats/platforms/platform%209/versions?period=2020-02&country=PL"
			}
		},
		{
			"name": "platform 19",
			"share": 50,
			"prev": {
				"share": null
			},
			"links": {
				"browsers": "http://localhost:4454/v1/stats/platforms/platform%2019/browsers?period=2020-02&country=PL",
				"versions": "http://localhost:4454/v1/stats/platforms/platform%2019/versions?period=2020-02&country=PL"
			}
		}
	],
	"/v1/stats/browsers/browser%2019/platforms?country=PL&period=2020-04": [
		{
			"name": "platform 9",
			"share": 50,
			"prev": {
				"share": 50
			},
			"links": {
				"browsers": "http://localhost:4454/v1/stats/platforms/platform%209/browsers?period=2020-04&country=PL",
				"versions": "http://localhost:4454/v1/stats/platforms/platform%209/versions?period=2020-04&country=PL"
			}
		},
		{
			"name": "platform 19",
			"share": 50,
			"prev": {
				"share": 50
			},
			"links": {
				"browsers": "http://localhost:4454/v1/stats/platforms/platform%2019/browsers?period=2020-04&country=PL",
				"versions": "http://localhost:4454/v1/stats/platforms/platform%2019/versions?period=2020-04&country=PL"
			}
		}
	],
	"/v1/stats/browsers/browser%2019/platforms?country=X": {
		"date": "2010-12-31",
		"status": 400,
		"message": "Invalid parameter value: `country` must be a valid ISO 3166-1 alpha-2 country code in uppercase."
	},
	"/v1/stats/browsers/browser%2019/platforms?period=2020": [
		{
			"name": "platform 9",
			"share": 50,
			"prev": {
				"share": null
			},
			"links": {
				"browsers": "http://localhost:4454/v1/stats/platforms/platform%209/browsers?period=2020",
				"countries": "http://localhost:4454/v1/stats/platforms/platform%209/countries?period=2020",
				"versions": "http://localhost:4454/v1/stats/platforms/platform%209/versions?period=2020"
			}
		},
		{
			"name": "platform 19",
			"share": 50,
			"prev": {
				"share": null
			},
			"links": {
				"browsers": "http://localhost:4454/v1/stats/platforms/platform%2019/browsers?period=2020",
				"countries": "http://localhost:4454/v1/stats/platforms/platform%2019/countries?period=2020",
				"versions": "http://localhost:4454/v1/stats/platforms/platform%2019/versions?period=2020"
			}
		}
	],
	"/v1/stats/browsers/browser%2019/platforms?period=2020-02": [
		{
			"name": "platform 9",
			"share": 50,
			"prev": {
				"share": null
			},
			"links": {
				"browsers": "http://localhost:4454/v1/stats/platforms/platform%209/browsers?period=2020-02",
				"countries": "http://localhost:4454/v1/stats/platforms/platform%209/countries?period=2020-02",
				"versions": "http://localhost:4454/v1/stats/platforms/platform%209/versions?period=2020-02"
			}
		},
		{
			"name": "platform 19",
			"share": 50,
			"prev": {
				"share": null
			},
			"links": {
				"browsers": "http://localhost:4454/v1/stats/platforms/platform%2019/browsers?period=2020-02",
				"countries": "http://localhost:4454/v1/stats/platforms/platform%2019/countries?period=2020-02",
				"versions": "http://localhost:4454/v1/stats/platforms/platform%2019/versions?period=2020-02"
			}
		}
	],
	"/v1/stats/browsers/browser%2019/platforms?period=2020-04": [
		{
			"name": "platform 9",
			"share": 50,
			"prev": {
				"share": 50
			},
			"links": {
				"browsers": "http://localhost:4454/v1/stats/platforms/platform%209/browsers?period=2020-04",
				"countries": "http://localhost:4454/v1/stats/platforms/platform%209/countries?period=2020-04",
				"versions": "http://localhost:4454/v1/stats/platforms/platform%209/versions?period=2020-04"
			}
		},
		{
			"name": "platform 19",
			"share": 50,
			"prev": {
				"share": 50
			},
			"links": {
				"browsers": "http://localhost:4454/v1/stats/platforms/platform%2019/browsers?period=2020-04",
				"countries": "http://localhost:4454/v1/stats/platforms/platform%2019/countries?period=2020-04",
				"versions": "http://localhost:4454/v1/stats/platforms/platform%2019/versions?period=2020-04"
			}
		}
	],
	"/v1/stats/browsers/browser%2019/platforms?period=month": {
		"date": "2010-12-31",
		"status": 400,
		"message": "Invalid parameter value: `period` must be one of [s-month, s-year] or a valid date in one of the following ISO formats [YYYY, YYYY-MM]."
	}
}
