{
	"/v1/stats/platforms/platform%2019/browsers?continent=EU&country=PL": {
		"date": "2010-12-31",
		"status": 400,
		"message": "Invalid parameter value: object contains a conflict between optional exclusive peers [continent, country]."
	},
	"/v1/stats/platforms/platform%2019/browsers?continent=EU&period=2020": [
		{
			"browser": "browser 19",
			"share": 52.3,
			"prev": {
				"share": null
			}
		},
		{
			"browser": "browser 18",
			"share": 47.7,
			"prev": {
				"share": null
			}
		}
	],
	"/v1/stats/platforms/platform%2019/browsers?continent=EU&period=2020-02": [
		{
			"browser": "browser 19",
			"share": 52.34,
			"prev": {
				"share": null
			}
		},
		{
			"browser": "browser 18",
			"share": 47.66,
			"prev": {
				"share": null
			}
		}
	],
	"/v1/stats/platforms/platform%2019/browsers?continent=EU&period=2020-04": [
		{
			"browser": "browser 19",
			"share": 52.34,
			"prev": {
				"share": 51.19
			}
		},
		{
			"browser": "browser 18",
			"share": 47.66,
			"prev": {
				"share": 48.81
			}
		}
	],
	"/v1/stats/platforms/platform%2019/browsers?continent=X": {
		"date": "2010-12-31",
		"status": 400,
		"message": "Invalid parameter value: `continent` must be a valid continent code in uppercase."
	},
	"/v1/stats/platforms/platform%2019/browsers?country=PL&period=2020": [
		{
			"browser": "browser 19",
			"share": 52.3,
			"prev": {
				"share": null
			}
		},
		{
			"browser": "browser 18",
			"share": 47.7,
			"prev": {
				"share": null
			}
		}
	],
	"/v1/stats/platforms/platform%2019/browsers?country=PL&period=2020-02": [
		{
			"browser": "browser 19",
			"share": 52.34,
			"prev": {
				"share": null
			}
		},
		{
			"browser": "browser 18",
			"share": 47.66,
			"prev": {
				"share": null
			}
		}
	],
	"/v1/stats/platforms/platform%2019/browsers?country=PL&period=2020-04": [
		{
			"browser": "browser 19",
			"share": 52.34,
			"prev": {
				"share": 51.19
			}
		},
		{
			"browser": "browser 18",
			"share": 47.66,
			"prev": {
				"share": 48.81
			}
		}
	],
	"/v1/stats/platforms/platform%2019/browsers?country=X": {
		"date": "2010-12-31",
		"status": 400,
		"message": "Invalid parameter value: `country` must be a valid ISO 3166-1 alpha-2 country code in uppercase."
	},
	"/v1/stats/platforms/platform%2019/browsers?period=2020": [
		{
			"browser": "browser 19",
			"share": 52.3,
			"prev": {
				"share": null
			}
		},
		{
			"browser": "browser 18",
			"share": 47.7,
			"prev": {
				"share": null
			}
		}
	],
	"/v1/stats/platforms/platform%2019/browsers?period=2020-02": [
		{
			"browser": "browser 19",
			"share": 52.34,
			"prev": {
				"share": null
			}
		},
		{
			"browser": "browser 18",
			"share": 47.66,
			"prev": {
				"share": null
			}
		}
	],
	"/v1/stats/platforms/platform%2019/browsers?period=2020-04": [
		{
			"browser": "browser 19",
			"share": 52.34,
			"prev": {
				"share": 51.19
			}
		},
		{
			"browser": "browser 18",
			"share": 47.66,
			"prev": {
				"share": 48.81
			}
		}
	],
	"/v1/stats/platforms/platform%2019/browsers?period=month": {
		"date": "2010-12-31",
		"status": 400,
		"message": "Invalid parameter value: `period` must be one of [s-month, s-year] or a valid date in one of the following ISO formats [YYYY, YYYY-MM]."
	}
}
